// Jest Snapshot v1, https://goo.gl/fbAQLP

exports[`FolderNode renders correctly and matches snapshot 1`] = `
<DocumentFragment>
  <div>
    <div
      class="pointer"
    >
      📁 root
    </div>
  </div>
</DocumentFragment>
`;
